// Jest Snapshot v1, https://goo.gl/fbAQLP

exports[`checkButtonRender 1`] = `"<InputWithSearchComp />"`;
