// Jest Snapshot v1, https://goo.gl/fbAQLP

exports[`MyComponent Create snapshot for date component 1`] = `ShallowWrapper {}`;
