// Jest Snapshot v1, https://goo.gl/fbAQLP

exports[`MyComponent Should show text 1`] = `ShallowWrapper {}`;
